задание: 2.1.4
проект: 211-command-usb
устройство: 2e8a:000a
серийный номер: E6614104034E9E2F
порт: COM8
начало: 2026-09-28T08:46:00
   0.000 --> fw_info
   0.141 <-- fw_info
   0.141 <-- dbg read_line:109 got fw_info
   0.156 <-- object          address    value
   0.172 <-- main            0x10000329 0xb5f0
   0.172 <-- fw_info         0x100006a5 0x4b3e
   0.172 <-- commands        0x10007bfc
   0.172 <-- - enable        0x10000281
   0.172 <-- - disable       0x100002bd
   0.172 <-- - info          0x100002f9
   0.188 <-- - version       0x10000301
   0.188 <-- - ping          0x10000309
   0.188 <-- - mem_info      0x10000319
   0.203 <-- - fw_info       0x10000321
   0.219 <-- DEVICE_PROJECT  0x10007728 211-command-usb
   0.219 <-- DEVICE_BOARD    0x10007780 pico
   0.219 <-- data_variable   0x20000f44 101
   0.219 <-- bss_variable    0x20001f0c 1
   0.219 <-- stack_variable  0x20041f7c 1946
   0.219 <-- heap_variable   0x20002408 1951
   2.250 --> fw_info
   2.406 <-- fw_info
   2.406 <-- dbg read_line:109 got fw_info
   2.406 <-- object          address    value
   2.406 <-- main            0x10000329 0xb5f0
   2.406 <-- fw_info         0x100006a5 0x4b3e
   2.422 <-- commands        0x10007bfc
   2.422 <-- - enable        0x10000281
   2.422 <-- - disable       0x100002bd
   2.422 <-- - info          0x100002f9
   2.422 <-- - version       0x10000301
   2.422 <-- - ping          0x10000309
   2.422 <-- - mem_info      0x10000319
   2.422 <-- - fw_info       0x10000321
   2.422 <-- DEVICE_PROJECT  0x10007728 211-command-usb
   2.422 <-- DEVICE_BOARD    0x10007780 pico
   2.422 <-- data_variable   0x20000f44 102
   2.438 <-- bss_variable    0x20001f0c 2
   2.438 <-- stack_variable  0x20041f7c 1946
   2.438 <-- heap_variable   0x20002408 1951
   4.469 --> fw_info
   4.609 <-- fw_info
   4.609 <-- dbg read_line:109 got fw_info
   4.609 <-- object          address    value
   4.609 <-- main            0x10000329 0xb5f0
   4.609 <-- fw_info         0x100006a5 0x4b3e
   4.609 <-- commands        0x10007bfc
   4.609 <-- - enable        0x10000281
   4.609 <-- - disable       0x100002bd
   4.625 <-- - info          0x100002f9
   4.625 <-- - version       0x10000301
   4.625 <-- - ping          0x10000309
   4.625 <-- - mem_info      0x10000319
   4.625 <-- - fw_info       0x10000321
   4.625 <-- DEVICE_PROJECT  0x10007728 211-command-usb
   4.625 <-- DEVICE_BOARD    0x10007780 pico
   4.625 <-- data_variable   0x20000f44 103
   4.625 <-- bss_variable    0x20001f0c 3
   4.625 <-- stack_variable  0x20041f7c 1946
   4.625 <-- heap_variable   0x20002408 1951
итог: отправлено команд 3, принято строк 57
